
PROGRAM "uSPS_CAN_4IO_C_2026X0013NPL.abs"

*********************************************************************************************
TARGET SECTION
---------------------------------------------------------------------------------------------
Processor   : Freescale HC08
Memory Model: SMALL
File Format : ELF\DWARF 2.0
Linker      : SmartLinker V-5.0.37 Build 9279, Oct  7 2009

*********************************************************************************************
FILE SECTION
---------------------------------------------------------------------------------------------
can_db_tables.c.o                       Model: SMALL,         Lang: ANSI-C
lin_db_tables.c.o                       Model: SMALL,         Lang: ANSI-C
os_io_tables.c.o                        Model: SMALL,         Lang: ANSI-C
modulhardwarecode.c.o                   Model: SMALL,         Lang: ANSI-C
graph_code.c.o                          Model: SMALL,         Lang: ANSI-C
System_Init.c.o                         Model: SMALL,         Lang: ANSI-C
user_code.c.o                           Model: SMALL,         Lang: ANSI-C
RTSHC08.C.o (ansiis.lib)                Model: SMALL,         Lang: ANSI-C
STRING.C.o (ansiis.lib)                 Model: SMALL,         Lang: ANSI-C
bios_can.c.o (project.lib)              Model: SMALL,         Lang: ANSI-C
bios_cpu.c.o (project.lib)              Model: SMALL,         Lang: ANSI-C
bios_ee_flash.c.o (project.lib)         Model: SMALL,         Lang: ANSI-C
bios_i2c.c.o (project.lib)              Model: SMALL,         Lang: ANSI-C
bios_iee.c.o (project.lib)              Model: SMALL,         Lang: ANSI-C
bios_interrupts.c.o (project.lib)       Model: SMALL,         Lang: ANSI-C
bios_io.c.o (project.lib)               Model: SMALL,         Lang: ANSI-C
bios_sci.c.o (project.lib)              Model: SMALL,         Lang: ANSI-C
bios_spi.c.o (project.lib)              Model: SMALL,         Lang: ANSI-C
bios_timer.c.o (project.lib)            Model: SMALL,         Lang: ANSI-C
can_db.c.o (project.lib)                Model: SMALL,         Lang: ANSI-C
Cpu.c.o (project.lib)                   Model: SMALL,         Lang: ANSI-C
JMP_VektorTable.asm.o (project.lib)     Model: SMALL,         Lang: Assembler
lin_stack.c.o (project.lib)             Model: SMALL,         Lang: ANSI-C
main.c.o (project.lib)                  Model: SMALL,         Lang: ANSI-C
MC9S08DZ60.C.o (project.lib)            Model: SMALL,         Lang: ANSI-C
MODBUS_PLC.C.o (project.lib)            Model: SMALL,         Lang: ANSI-C
os_can.c.o (project.lib)                Model: SMALL,         Lang: ANSI-C
os_iee.c.o (project.lib)                Model: SMALL,         Lang: ANSI-C
os_io.c.o (project.lib)                 Model: SMALL,         Lang: ANSI-C
os_timer.c.o (project.lib)              Model: SMALL,         Lang: ANSI-C
os_util.c.o (project.lib)               Model: SMALL,         Lang: ANSI-C
Start08.c.o (project.lib)               Model: SMALL,         Lang: ANSI-C
SYSTEM_CAN_EEprom.c.o (project.lib)     Model: SMALL,         Lang: ANSI-C

*********************************************************************************************
STARTUP SECTION
---------------------------------------------------------------------------------------------
Entry point: 0x2200 (_EntryPoint)
_startupData is allocated at 0x2255 and uses 6 Bytes
extern struct _tagStartup {
  unsigned nofZeroOut     1
  _Range   pZeroOut       0x100     1883
  _Copy    *toCopyDownBeg 0x753B
} _startupData;

*********************************************************************************************
SECTION-ALLOCATION SECTION
Section Name                    Size  Type     From       To       Segment
---------------------------------------------------------------------------------------------
.data                             92   R/W      0x100      0x15B   RAM
.stack                           512   N/I      0xE80     0x107F   MY_STK
.init                             85     R     0x2200     0x2254   ROM
.startData                        18     R     0x2255     0x2266   ROM
.rodata                          911     R     0x2267     0x25F5   ROM
.text                          19857     R     0x25F6     0x7386   ROM
.copy                             58     R     0x753B     0x7574   ROM
DEFAULT_ROM2                    3310     R     0xB000     0xBCED   ROM2
JMP_VECTOR_TABLE                 128     R     0xAF80     0xAFFF   MY_JMP_VECTORS
.abs_section_0                     1   N/I        0x0        0x0   .absSeg0
.abs_section_1                     1   N/I        0x1        0x1   .absSeg1
.abs_section_2                     1   N/I        0x2        0x2   .absSeg2
.abs_section_3                     1   N/I        0x3        0x3   .absSeg3
.abs_section_4                     1   N/I        0x4        0x4   .absSeg4
.abs_section_5                     1   N/I        0x5        0x5   .absSeg5
.abs_section_6                     1   N/I        0x6        0x6   .absSeg6
.abs_section_7                     1   N/I        0x7        0x7   .absSeg7
.abs_section_8                     1   N/I        0x8        0x8   .absSeg8
.abs_section_9                     1   N/I        0x9        0x9   .absSeg9
.abs_section_a                     1   N/I        0xA        0xA   .absSeg10
.abs_section_b                     1   N/I        0xB        0xB   .absSeg11
.abs_section_c                     1   N/I        0xC        0xC   .absSeg12
.abs_section_d                     1   N/I        0xD        0xD   .absSeg13
.abs_section_e                     1   N/I        0xE        0xE   .absSeg14
.abs_section_f                     1   N/I        0xF        0xF   .absSeg15
.abs_section_10                    1   N/I       0x10       0x10   .absSeg16
.abs_section_11                    1   N/I       0x11       0x11   .absSeg17
.abs_section_16                    1   N/I       0x16       0x16   .absSeg18
.abs_section_17                    1   N/I       0x17       0x17   .absSeg19
.abs_section_18                    1   N/I       0x18       0x18   .absSeg20
.abs_section_19                    1   N/I       0x19       0x19   .absSeg21
.abs_section_1c                    1   N/I       0x1C       0x1C   .absSeg22
.abs_section_20                    1   N/I       0x20       0x20   .absSeg23
.abs_section_25                    1   N/I       0x25       0x25   .absSeg24
.abs_section_28                    1   N/I       0x28       0x28   .absSeg25
.abs_section_2b                    1   N/I       0x2B       0x2B   .absSeg26
.abs_section_2e                    1   N/I       0x2E       0x2E   .absSeg27
.abs_section_31                    1   N/I       0x31       0x31   .absSeg28
.abs_section_34                    1   N/I       0x34       0x34   .absSeg29
.abs_section_3a                    1   N/I       0x3A       0x3A   .absSeg30
.abs_section_3b                    1   N/I       0x3B       0x3B   .absSeg31
.abs_section_3c                    1   N/I       0x3C       0x3C   .absSeg32
.abs_section_3d                    1   N/I       0x3D       0x3D   .absSeg33
.abs_section_3e                    1   N/I       0x3E       0x3E   .absSeg34
.abs_section_3f                    1   N/I       0x3F       0x3F   .absSeg35
.abs_section_42                    1   N/I       0x42       0x42   .absSeg36
.abs_section_43                    1   N/I       0x43       0x43   .absSeg37
.abs_section_44                    1   N/I       0x44       0x44   .absSeg38
.abs_section_45                    1   N/I       0x45       0x45   .absSeg39
.abs_section_46                    1   N/I       0x46       0x46   .absSeg40
.abs_section_47                    1   N/I       0x47       0x47   .absSeg41
.abs_section_48                    1   N/I       0x48       0x48   .absSeg42
.abs_section_49                    1   N/I       0x49       0x49   .absSeg43
.abs_section_4a                    1   N/I       0x4A       0x4A   .absSeg44
.abs_section_4b                    1   N/I       0x4B       0x4B   .absSeg45
.abs_section_4c                    1   N/I       0x4C       0x4C   .absSeg46
.abs_section_50                    1   N/I       0x50       0x50   .absSeg47
.abs_section_51                    1   N/I       0x51       0x51   .absSeg48
.abs_section_52                    1   N/I       0x52       0x52   .absSeg49
.abs_section_53                    1   N/I       0x53       0x53   .absSeg50
.abs_section_55                    1   N/I       0x55       0x55   .absSeg51
.abs_section_58                    1   N/I       0x58       0x58   .absSeg52
.abs_section_59                    1   N/I       0x59       0x59   .absSeg53
.abs_section_5a                    1   N/I       0x5A       0x5A   .absSeg54
.abs_section_5b                    1   N/I       0x5B       0x5B   .absSeg55
.abs_section_5c                    1   N/I       0x5C       0x5C   .absSeg56
.abs_section_5d                    1   N/I       0x5D       0x5D   .absSeg57
.abs_section_60                    1   N/I       0x60       0x60   .absSeg58
.abs_section_65                    1   N/I       0x65       0x65   .absSeg59
.abs_section_68                    1   N/I       0x68       0x68   .absSeg60
.abs_section_6c                    1   N/I       0x6C       0x6C   .absSeg61
.abs_section_6d                    1   N/I       0x6D       0x6D   .absSeg62
.abs_section_6e                    1   N/I       0x6E       0x6E   .absSeg63
.abs_section_1800                  1   N/I     0x1800     0x1800   .absSeg64
.abs_section_1801                  1   N/I     0x1801     0x1801   .absSeg65
.abs_section_1802                  1   N/I     0x1802     0x1802   .absSeg66
.abs_section_1803                  1   N/I     0x1803     0x1803   .absSeg67
.abs_section_1809                  1   N/I     0x1809     0x1809   .absSeg68
.abs_section_180a                  1   N/I     0x180A     0x180A   .absSeg69
.abs_section_1816                  1   N/I     0x1816     0x1816   .absSeg70
.abs_section_1817                  1   N/I     0x1817     0x1817   .absSeg71
.abs_section_1818                  1   N/I     0x1818     0x1818   .absSeg72
.abs_section_1820                  1   N/I     0x1820     0x1820   .absSeg73
.abs_section_1821                  1   N/I     0x1821     0x1821   .absSeg74
.abs_section_1823                  1   N/I     0x1823     0x1823   .absSeg75
.abs_section_1824                  1   N/I     0x1824     0x1824   .absSeg76
.abs_section_1825                  1   N/I     0x1825     0x1825   .absSeg77
.abs_section_1826                  1   N/I     0x1826     0x1826   .absSeg78
.abs_section_1840                  1   N/I     0x1840     0x1840   .absSeg79
.abs_section_1841                  1   N/I     0x1841     0x1841   .absSeg80
.abs_section_1842                  1   N/I     0x1842     0x1842   .absSeg81
.abs_section_1844                  1   N/I     0x1844     0x1844   .absSeg82
.abs_section_1845                  1   N/I     0x1845     0x1845   .absSeg83
.abs_section_1846                  1   N/I     0x1846     0x1846   .absSeg84
.abs_section_1848                  1   N/I     0x1848     0x1848   .absSeg85
.abs_section_1849                  1   N/I     0x1849     0x1849   .absSeg86
.abs_section_184a                  1   N/I     0x184A     0x184A   .absSeg87
.abs_section_184c                  1   N/I     0x184C     0x184C   .absSeg88
.abs_section_184d                  1   N/I     0x184D     0x184D   .absSeg89
.abs_section_184e                  1   N/I     0x184E     0x184E   .absSeg90
.abs_section_1850                  1   N/I     0x1850     0x1850   .absSeg91
.abs_section_1851                  1   N/I     0x1851     0x1851   .absSeg92
.abs_section_1852                  1   N/I     0x1852     0x1852   .absSeg93
.abs_section_1858                  1   N/I     0x1858     0x1858   .absSeg94
.abs_section_1859                  1   N/I     0x1859     0x1859   .absSeg95
.abs_section_185a                  1   N/I     0x185A     0x185A   .absSeg96
.abs_section_185c                  1   N/I     0x185C     0x185C   .absSeg97
.abs_section_185d                  1   N/I     0x185D     0x185D   .absSeg98
.abs_section_185e                  1   N/I     0x185E     0x185E   .absSeg99
.abs_section_1860                  1   N/I     0x1860     0x1860   .absSeg100
.abs_section_1861                  1   N/I     0x1861     0x1861   .absSeg101
.abs_section_1862                  1   N/I     0x1862     0x1862   .absSeg102
.abs_section_1868                  1   N/I     0x1868     0x1868   .absSeg103
.abs_section_1869                  1   N/I     0x1869     0x1869   .absSeg104
.abs_section_186a                  1   N/I     0x186A     0x186A   .absSeg105
.abs_section_1870                  1   N/I     0x1870     0x1870   .absSeg106
.abs_section_1871                  1   N/I     0x1871     0x1871   .absSeg107
.abs_section_1872                  1   N/I     0x1872     0x1872   .absSeg108
.abs_section_1880                  1   N/I     0x1880     0x1880   .absSeg109
.abs_section_1881                  1   N/I     0x1881     0x1881   .absSeg110
.abs_section_1882                  1   N/I     0x1882     0x1882   .absSeg111
.abs_section_1883                  1   N/I     0x1883     0x1883   .absSeg112
.abs_section_1884                  1   N/I     0x1884     0x1884   .absSeg113
.abs_section_1885                  1   N/I     0x1885     0x1885   .absSeg114
.abs_section_1886                  1   N/I     0x1886     0x1886   .absSeg115
.abs_section_1887                  1   N/I     0x1887     0x1887   .absSeg116
.abs_section_1888                  1   N/I     0x1888     0x1888   .absSeg117
.abs_section_1889                  1   N/I     0x1889     0x1889   .absSeg118
.abs_section_188a                  1   N/I     0x188A     0x188A   .absSeg119
.abs_section_188b                  1   N/I     0x188B     0x188B   .absSeg120
.abs_section_188d                  1   N/I     0x188D     0x188D   .absSeg121
.abs_section_188e                  1   N/I     0x188E     0x188E   .absSeg122
.abs_section_188f                  1   N/I     0x188F     0x188F   .absSeg123
.abs_section_1890                  1   N/I     0x1890     0x1890   .absSeg124
.abs_section_1891                  1   N/I     0x1891     0x1891   .absSeg125
.abs_section_1892                  1   N/I     0x1892     0x1892   .absSeg126
.abs_section_1893                  1   N/I     0x1893     0x1893   .absSeg127
.abs_section_1894                  1   N/I     0x1894     0x1894   .absSeg128
.abs_section_1895                  1   N/I     0x1895     0x1895   .absSeg129
.abs_section_1896                  1   N/I     0x1896     0x1896   .absSeg130
.abs_section_1897                  1   N/I     0x1897     0x1897   .absSeg131
.abs_section_1898                  1   N/I     0x1898     0x1898   .absSeg132
.abs_section_1899                  1   N/I     0x1899     0x1899   .absSeg133
.abs_section_189a                  1   N/I     0x189A     0x189A   .absSeg134
.abs_section_189b                  1   N/I     0x189B     0x189B   .absSeg135
.abs_section_189c                  1   N/I     0x189C     0x189C   .absSeg136
.abs_section_189d                  1   N/I     0x189D     0x189D   .absSeg137
.abs_section_189e                  1   N/I     0x189E     0x189E   .absSeg138
.abs_section_189f                  1   N/I     0x189F     0x189F   .absSeg139
.abs_section_18a4                  1   N/I     0x18A4     0x18A4   .absSeg140
.abs_section_18a5                  1   N/I     0x18A5     0x18A5   .absSeg141
.abs_section_18a6                  1   N/I     0x18A6     0x18A6   .absSeg142
.abs_section_18a7                  1   N/I     0x18A7     0x18A7   .absSeg143
.abs_section_18a8                  1   N/I     0x18A8     0x18A8   .absSeg144
.abs_section_18a9                  1   N/I     0x18A9     0x18A9   .absSeg145
.abs_section_18aa                  1   N/I     0x18AA     0x18AA   .absSeg146
.abs_section_18ab                  1   N/I     0x18AB     0x18AB   .absSeg147
.abs_section_18ac                  1   N/I     0x18AC     0x18AC   .absSeg148
.abs_section_18b4                  1   N/I     0x18B4     0x18B4   .absSeg149
.abs_section_18b5                  1   N/I     0x18B5     0x18B5   .absSeg150
.abs_section_18b6                  1   N/I     0x18B6     0x18B6   .absSeg151
.abs_section_18b7                  1   N/I     0x18B7     0x18B7   .absSeg152
.abs_section_18b8                  1   N/I     0x18B8     0x18B8   .absSeg153
.abs_section_18b9                  1   N/I     0x18B9     0x18B9   .absSeg154
.abs_section_18ba                  1   N/I     0x18BA     0x18BA   .absSeg155
.abs_section_18bb                  1   N/I     0x18BB     0x18BB   .absSeg156
.abs_section_18bc                  1   N/I     0x18BC     0x18BC   .absSeg157
.abs_section_18bd                  1   N/I     0x18BD     0x18BD   .absSeg158
.abs_section_12                    2   N/I       0x12       0x13   .absSeg159
.abs_section_14                    2   N/I       0x14       0x15   .absSeg160
.abs_section_21                    2   N/I       0x21       0x22   .absSeg161
.abs_section_23                    2   N/I       0x23       0x24   .absSeg162
.abs_section_26                    2   N/I       0x26       0x27   .absSeg163
.abs_section_29                    2   N/I       0x29       0x2A   .absSeg164
.abs_section_2c                    2   N/I       0x2C       0x2D   .absSeg165
.abs_section_2f                    2   N/I       0x2F       0x30   .absSeg166
.abs_section_32                    2   N/I       0x32       0x33   .absSeg167
.abs_section_35                    2   N/I       0x35       0x36   .absSeg168
.abs_section_38                    2   N/I       0x38       0x39   .absSeg169
.abs_section_40                    2   N/I       0x40       0x41   .absSeg170
.abs_section_61                    2   N/I       0x61       0x62   .absSeg171
.abs_section_63                    2   N/I       0x63       0x64   .absSeg172
.abs_section_66                    2   N/I       0x66       0x67   .absSeg173
.abs_section_69                    2   N/I       0x69       0x6A   .absSeg174
.abs_section_1806                  2   N/I     0x1806     0x1807   .absSeg175
.abs_section_1810                  2   N/I     0x1810     0x1811   .absSeg176
.abs_section_1812                  2   N/I     0x1812     0x1813   .absSeg177
.abs_section_1814                  2   N/I     0x1814     0x1815   .absSeg178
.abs_section_18ae                  2   N/I     0x18AE     0x18AF   .absSeg179
.abs_section_18be                  2   N/I     0x18BE     0x18BF   .absSeg180
.abs_section_18a0                  4   N/I     0x18A0     0x18A3   .absSeg181
.abs_section_18b0                  4   N/I     0x18B0     0x18B3   .absSeg182
.bss                             130   R/W      0x15C      0x1DD   RAM
.common                         1661   R/W      0x1DE      0x85A   RAM
NON_BANKED                       436     R     0x7387     0x753A   ROM

Summary of section sizes per section type:
READ_ONLY (R):        60E3 (dec:    24803)
READ_WRITE (R/W):      75B (dec:     1883)
NO_INIT (N/I):         2D3 (dec:      723)

*********************************************************************************************
VECTOR-ALLOCATION SECTION
    Address     InitValue   InitFunction
---------------------------------------------------------------------------------------------

*********************************************************************************************
OBJECT-ALLOCATION SECTION
     Name               Module                 Addr   hSize   dSize     Ref    Section   RLIB
---------------------------------------------------------------------------------------------
MODULE:                 -- can_db_tables.c.o --
- PROCEDURES:
- VARIABLES:
     can1_datenpunkt_db_const                  2267      2A      42       1   .rodata     
     can1_block_db_const                       2291      4C      76       1   .rodata     
     can_datenpunkt_db_const                    100       4       4       2   .data       
     can_block_db_const                         104       4       4      30   .data       
MODULE:                 -- lin_db_tables.c.o --
- PROCEDURES:
- VARIABLES:
     ext_dyn_lin_bux_max                        108       1       1       1   .data       
     ext_dyn_lin_msg_queue_size                 109       1       1       3   .data       
     ext_dyn_lin_rx_msg_queue_read              15C       1       1       5   .bss        
     ext_dyn_lin_rx_msg_queue_write             15D       1       1       1   .bss        
     ext_dyn_lin_rx_header_queue_read           15E       1       1       5   .bss        
     ext_dyn_lin_rx_header_queue_write          15F       1       1       1   .bss        
     ext_lin_frame_db                           160       8       8       4   .bss        
     ext_ary_lin_test_frame_flag                1DE       2       2       3   .common     
     ext_dyn_lin_rx_msg_queue                   1E0      11      17       1   .common     
     ext_dyn_lin_rx_header_queue                1F1       1       1       1   .common     
     ext_lin_bus_db                             1F2       9       9       8   .common     
MODULE:                 -- os_io_tables.c.o --
- PROCEDURES:
- VARIABLES:
     os_port_pin                               22DD      FF     255      33   .rodata     
     os_analog_pin                             23DC      D8     216      21   .rodata     
     os_pwm_pin                                24B4      4B      75       7   .rodata     
     bios_osc_clk                              24FF       1       1       5   .rodata     
MODULE:                 -- modulhardwarecode.c.o --
- PROCEDURES:
     modulhardwarecode                         25F6       1       1       3   .text       
     modulhardwarecode_adc_multiplex           25F7       1       1       3   .text       
     modulhardwarecode_timer                   25F8       1       1       1   .text       
     modulhardwarecode_init                    25F9       F      15       1   .text       
- VARIABLES:
MODULE:                 -- graph_code.c.o --
- PROCEDURES:
     graphcode_init                            2608       1       1       1   .text       
     graphcode                                 2609       1       1       1   .text       
- VARIABLES:
     graph_cycle_time                           10A       2       2       4   .data       
MODULE:                 -- System_Init.c.o --
- PROCEDURES:
     sys_parameter_init                        260A      DF     223       1   .text       
     can_create_mask                           26E9      15      21       1   .text       
     Modbus_silent_interval_finden             26FE       1       1       1   .text       
     Modbus_INIT                               26FF       1       1       1   .text       
     Modbus_IN_and_OUT                         2700       1       1       1   .text       
     int_rx_sci_first                          2701       1       1       1   .text       
     int_stat_sci_first                        2702       1       1       1   .text       
     int_tx_sci_first                          2703       1       1       1   .text       
     i2c_INIT                                  2704       1       1       1   .text       
     bios_i2c1_MC9S08DZ60_rom_save             2705       1       1       1   .text       
     os_pwm_analog_io_average_first            2706       1       1       1   .text       
     os_timer1_dither_calculation_first        2707       1       1       1   .text       
     bios_timer1_pwm_read_calc_first           2708       1       1       1   .text       
     os_port_int_increment_first               2709      21      33       1   .text       
     can_input_block_to_db_first               272A      16      22       1   .text       
     can_db_output_to_bus_first                2740       3       3       2   .text       
     lin_initialization                        2743       1       1       1   .text       
- VARIABLES:
     os_pwm_duty_timeout                       2500       2       2       1   .rodata     
     bios_port_data_reg                        2502       C      12       7   .rodata     
     bios_port_dir_reg                         250E       C      12       4   .rodata     
     bios_port_pull_dir_reg                    251A       C      12       4   .rodata     
     bios_port_pull_enable_reg                 2526       C      12       4   .rodata     
     bios_port_int_edge_reg                    2532       C      12       4   .rodata     
     bios_port_int_enable_reg                  253E       C      12       4   .rodata     
     bios_port_int_active_reg                  254A       C      12       2   .rodata     
     can_block_db_ram                           10C       4       4      42   .data       
     os_pwm_analog_cal_deactivate               168       1       1       1   .bss        
     modbus_active                              169       1       1       1   .bss        
     dyn_CAN_DP_MAX                             1FB       2       2       1   .common     
     dyn_CAN_BUS_MAX                            1FD       1       1       2   .common     
     dyn_CAN_BLOCK_MAX                          1FE       2       2       4   .common     
     dyn_OS_PORT_INPUT_PIN_MAX                  200       1       1       4   .common     
     dyn_OS_PORT_PIN_MAX                        201       1       1       3   .common     
     dyn_OS_ANALOG_PIN_MAX                      202       1       1       6   .common     
     dyn_CAN_BAUDRATE                           203       1       1       4   .common     
     dyn_CAN_BAUDRATE_def_sj                    204       1       1       3   .common     
     dyn_CAN_BAUDRATE_def_pre                   205       1       1       3   .common     
     dyn_CAN_BAUDRATE_def_t_seg1                206       1       1       3   .common     
     dyn_CAN_BAUDRATE_def_t_seg2                207       1       1       3   .common     
     dyn_CAN_BAUDRATE_def_source                208       1       1       3   .common     
     dyn_CAN_BUS_1                              209       1       1       4   .common     
     dyn_BIOS_NR_OF_PORTS                       20A       1       1       2   .common     
     dyn_I2C_BYTE_SIZE                          20B       2       2       1   .common     
     dyn_OS_PWM_PIN_MAX                         20D       1       1       3   .common     
     dyn_PWM_DUTY_READ_MAX                      20E       1       1       5   .common     
     dyn_CAN_FILTER_SETTING                     20F       1       1       4   .common     
     dyn_CAN_FILTER                             210       8       8      12   .common     
     dyn_CAN_MASK                               218       8       8      16   .common     
     dyn_USERDATENSATZ_SIZE                     220       1       1       2   .common     
     dyn_USER_VARIABLE_SIZE                     221       1       1       1   .common     
     dyn_HSDDATENSATZ_SIZE                      222       1       1       3   .common     
     dyn_SLAVE_MODBUS_ADRESSE                   223       1       1       1   .common     
     can1_block_db_ram                          224      98     152       1   .common     
     os_io_vals                                 2BC       4       4      11   .common     
     os_io_prev_vals                            2C0       4       4       5   .common     
     os_io_vals_disable                         2C4       3       3       6   .common     
     os_pin_entprell_cnt                        2C7      11      17      12   .common     
     os_port_int_val                            2D8      9A     154       3   .common     
     os_analog_io_vals                          372      18      24       8   .common     
     os_analog_io_vals_kal                      38A      18      24       4   .common     
     os_analog_io_sum                           3A2      30      48      10   .common     
     os_analog_io_sum_cnt                       3D2       C      12       5   .common     
     os_analog_io_sum_cnt_max                   3DE       C      12       2   .common     
     os_analog_io_pwm_index                     3EA       C      12       7   .common     
     os_analog_io_vals_disable                  3F6       C      12       3   .common     
     os_pwm_vals                                402      73     115       2   .common     
     os_pwm_duty_read                           475      36      54      10   .common     
     os_can_msg_queue_A                         4AB      96     150       4   .common     
     os_can_msg_queue_B                         541      96     150       4   .common     
     dyn_OS_CAN_MSG_QUEUE_A_SIZE                5D7       1       1       4   .common     
     dyn_OS_CAN_MSG_QUEUE_B_SIZE                5D8       1       1       4   .common     
     os_can_msg_tx_buffer                       5D9      4B      75       4   .common     
     dyn_OS_CAN_MSG_TX_BUFFER_SIZE              624       1       1       4   .common     
     dyn_init_can_listen_only                   625       1       1       1   .common     
     eeprom_hsddaten                            626      42      66       9   .common     
     eeprom_hsddaten_type                       668       2       2       3   .common     
     eeprom_userdaten                           66A      70     112       1   .common     
MODULE:                 -- user_code.c.o --
- PROCEDURES:
     usercode_init                             2744      25      37       1   .text       
     update_doc                                2769      BF     191       1   .text       
     usercode                                  2828     101     257       2   .text       
     user_can_message_receive                  2929      2A      42       1   .text       
     user_int_timer_1ms                        2953       1       1       1   .text       
     user_int_adc                              2954       3       3       1   .text       
- VARIABLES:
     spn70_raw                                  110       1       1       4   .data       
     can_alive                                  16A       1       1       5   .bss        
     spn84_valid                                16B       1       1       4   .bss        
     parking_brake                              16C       1       1       1   .bss        
     do_x_state                                 16D       1       1       4   .bss        
     hb_timestamp                               16E       4       4       8   .bss        
     hb_state                                   172       1       1       2   .bss        
     hb_phase                                   173       1       1       3   .bss        
     ccvs_last_seen                             174       4       4       4   .bss        
MODULE:                 -- RTSHC08.C.o (ansiis.lib) --
- PROCEDURES:
     _PUSH_ARGS_L                              2957      20      32       3   .text       
     _ENTER_UNARY_L                            2977      29      41       4   .text       
     _ENTER_BINARY_L                           29A0      16      22       8   .text       
     _ENTER_BINARY_L_RC                        29B6      19      25       3   .text       
     _ENTER_BINARY_L_LC                        29CF      1A      26       1   .text       
     _LADD_k_is_k_plus_j                       29E9      1F      31       1   .text       
     _k_is_k_plus_j_l                          2A08      1E      30       2   .text       
     _k_is_k_plus_j_i                          2A26      12      18       3   .text       
     _LSUB_k_is_k_minus_j                      2A38      1F      31       1   .text       
     _LAND_k_is_k_and_j                        2A57      1F      31       1   .text       
     _LOR_k_is_k_or_j                          2A76      1F      31       2   .text       
     _LXOR_k_is_k_xor_j                        2A95      1F      31       1   .text       
     _LMUL_k_is_k_mul_j                        2AB4      81     129       2   .text       
     _LDIVMOD                                  2B35      A4     164       1   .text       
     _LDIVU_k_is_k_div_j                       2BD9      17      23       2   .text       
     _LCMP_k_rel_j                             2BF0      1F      31       2   .text       
     _IMUL_STAR08                              2C0F      27      39      34   .text       
     _ILSR                                     2C36       C      12       5   .text       
     _ICMP                                     2C42      16      22       3   .text       
     _LINC                                     2C58      16      22       5   .text       
     _LNOT                                     2C6E      10      16       2   .text       
     _LADD                                     2C7E       6       6      48   .text       
     _LSUB                                     2C84       6       6       3   .text       
     _LAND                                     2C8A       6       6       3   .text       
     _LOR                                      2C90       6       6      13   .text       
     _LOR_RC                                   2C96       6       6       1   .text       
     _LXOR                                     2C9C       6       6       6   .text       
     _LMUL                                     2CA2       6       6       2   .text       
     _LMUL_RC                                  2CA8       6       6       2   .text       
     _LDIVU                                    2CAE       6       6       3   .text       
     _LDIVU_LC                                 2CB4       6       6       2   .text       
     _LLSR                                     2CBA      16      22      22   .text       
     _LLSL                                     2CD0      16      22      50   .text       
     _LCMP                                     2CE6       6       6      21   .text       
     _LCMP_RC                                  2CEC       6       6       3   .text       
     _COPY                                     2CF2      30      48      29   .text       
     _POP32                                    2D22      1A      26      31   .text       
     _SEXT16_32                                2D3C       D      13       1   .text       
     _CALL_STAR08                              2D49      20      32       4   .text       
     _Jump_Table_Header_Addr                   2D69      2F      47       1   .text       
     _Jump_Table_Header_Offset                 2D98      24      36       4   .text       
     _PUSH_CC                                  2DBC       F      15       6   .text       
     _POP_CC                                   2DCB       F      15       6   .text       
- VARIABLES:
MODULE:                 -- STRING.C.o (ansiis.lib) --
- PROCEDURES:
     _memcpy_8bitCount                         2DDA      24      36       3   .text       
     strcmp                                    2DFE      3F      63       2   .text       
- VARIABLES:
MODULE:                 -- bios_can.c.o (project.lib) --
- PROCEDURES:
     bios_test_baudrate                        2E3D      15      21       2   .text       
     bios_can_filter_A_hit                     2E52       C      12       1   .text       
     bios_can_set_mask_A                       2E5E      68     104       3   .text       
     bios_can_set_filter_A                     2EC6      64     100       3   .text       
     bios_can_set_mask_B                       2F2A      68     104       3   .text       
     bios_can_set_filter_B                     2F92      64     100       1   .text       
     bios_can_disable                          2FF6      22      34       3   .text       
     bios_can_enter_reset                      3018      14      20       3   .text       
     bios_can_enter_operation                  302C       8       8       2   .text       
     bios_init_can                             3034     25C     604      11   .text       
     bios_can_write_msg_data                   3290      AF     175       2   .text       
     bios_can_add_tx_buffer                    333F      55      85       1   .text       
     bios_can_handle_tx_buffer                 3394      62      98       1   .text       
     bios_can_send_msg                         33F6      73     115       2   .text       
     bios_can_get_msg                          3469      DB     219       2   .text       
     bios_can_get_msg_id                       3544      DB     219       3   .text       
     bios_can_msg_received                     361F       C      12       3   .text       
     bios_can_check_error                      362B      21      33       1   .text       
     bios_can_parameter_to_number              364C      96     150       1   .text       
- VARIABLES:
     bios_baudraten                            2556      78     120      15   .rodata     
     bios_can_msg_prio                          6DA       1       1       6   .common     
     bios_can_msg_tx_buffer_ptr_w               6DB       1       1       6   .common     
     bios_can_msg_tx_buffer_ptr_r               6DC       1       1       8   .common     
     bios_can_msg_tx_buffer_locked              6DD       1       1       3   .common     
MODULE:                 -- bios_cpu.c.o (project.lib) --
- PROCEDURES:
     bios_init_cpu_clock                       36E2       1       1       1   .text       
     bios_reset_watchdog                       36E3       9       9      21   .text       
     bios_enable_watchdog                      36EC       8       8       1   .text       
- VARIABLES:
     CCR_reg                                    6DE       1       1       8   .common     
MODULE:                 -- bios_ee_flash.c.o (project.lib) --
- PROCEDURES:
     bios_init_flash                           36F4      14      20       1   .text       
- VARIABLES:
MODULE:                 -- bios_i2c.c.o (project.lib) --
- PROCEDURES:
     I2C_Interrupt                             7387       9       9       1   NON_BANKED  
- VARIABLES:
MODULE:                 -- bios_iee.c.o (project.lib) --
- PROCEDURES:
     LaunchCmdEndTestError                     3708      4E      78       1   .text       
     NonDestructiveUnsecureWrite               3756     135     309      11   .text       
     WriteBlock                                388B     29A     666      11   .text       
     IEE1_SwitchPage                           3B25      21      33       6   .text       
     IEE1_SetByte                              3B46      5F      95       1   .text       
     IEE1_SetData                              3BA5      A4     164      23   .text       
     IEE1_GetByte                              3C49      3A      58       1   .text       
     IEE1_GetData                              3C83      67     103      20   .text       
     IEE1_Init                                 3CEA      18      24       1   .text       
- VARIABLES:
     EEPROMaddr                                 178       2       2       4   .bss        
     EEPROMSectorBuffer                         17A       4       4       5   .bss        
     EEPROMSectorBufferOther                    17E       4       4       2   .bss        
MODULE:                 -- bios_interrupts.c.o (project.lib) --
- PROCEDURES:
     tpm1                                      7390       C      12       1   NON_BANKED  
     tpm1_ch0_interrupt                        739C       7       7       1   NON_BANKED  
     tpm1_ch1_interrupt                        73A3       8       8       1   NON_BANKED  
     tpm1_ch2_interrupt                        73AB       8       8       1   NON_BANKED  
     tpm1_ch3_interrupt                        73B3       8       8       1   NON_BANKED  
     tpm1_ch4_interrupt                        73BB       8       8       1   NON_BANKED  
     tpm1_ch5_interrupt                        73C3       8       8       1   NON_BANKED  
     tpm2                                      73CB      24      36       1   NON_BANKED  
     can_wake_up_int                           73EF      17      23       1   NON_BANKED  
     CAN1_InterruptRx                          7406      28      40       1   NON_BANKED  
     CAN1_InterruptTx                          742E      14      20       1   NON_BANKED  
     CAN1_InterruptError                       7442      2A      42       1   NON_BANKED  
     SCI1_Interrupt_Rx                         746C      15      21       1   NON_BANKED  
     SCI1_Interrupt_Tx                         7481      15      21       1   NON_BANKED  
     SCI1_Interrupt_Error                      7496       E      14       1   NON_BANKED  
     SCI2_Interrupt_Rx                         74A4      18      24       1   NON_BANKED  
     SCI2_Interrupt_Tx                         74BC      18      24       1   NON_BANKED  
     SCI2_Interrupt_Error                      74D4      10      16       1   NON_BANKED  
     Port_Interrupt_RX                         74E4       B      11       1   NON_BANKED  
     ADC_Interrupt                             74EF      10      16       1   NON_BANKED  
     RTC_Interrupt                             74FF       B      11       1   NON_BANKED  
     Cpu_Interrupt                             750A       1       1       8   NON_BANKED  
- VARIABLES:
     rtc_handler                                182       2       2       1   .bss        
     lin_ms_timer_handling_interrupt            184       2       2       1   .bss        
     ErrFlag                                    186       1       1       6   .bss        
     SerFlagCAN                                 187       1       1       3   .bss        
     port_int_check                             6DF       1       1       1   .common     
     can_wake_int_check                         6E0       1       1       1   .common     
MODULE:                 -- bios_io.c.o (project.lib) --
- PROCEDURES:
     bios_init_adc                             3D02       6       6       1   .text       
     bios_analog_select_channel                3D08       D      13       3   .text       
     bios_analog_get_channel_single            3D15      13      19       4   .text       
- VARIABLES:
     bios_bitmask                              25CE       8       8      32   .rodata     
MODULE:                 -- bios_sci.c.o (project.lib) --
- PROCEDURES:
     bios_sci_module_get_rx_interrupt_src       3D28      7D     125       4   .text       
     bios_sci_module_get_tx_interrupt_src       3DA5      23      35       2   .text       
     bios_sci_module_rx_interrupt_ack          3DC8      5E      94       4   .text       
     bios_sci_module_tx_interrupt_ack          3E26       1       1       2   .text       
     bios_sci_module_read_byte                 3E27       B      11       4   .text       
     bios_sci_module_rx_interrupt              3E32      57      87       2   .text       
     bios_sci_module_tx_interrupt              3E89      47      71       2   .text       
- VARIABLES:
     bios_sci_reg                              25D6      20      32       9   .rodata     
     user_sci_module_rx_interrupt               188       2       2       2   .bss        
     user_sci_module_tx_interrupt               18A       2       2       2   .bss        
     user_sci_module_stat_interrupt             18C       2       2       2   .bss        
     lin_rx_frame_handling_interrupt            18E       2       2       2   .bss        
     lin_tx_frame_handling_interrupt            190       2       2       1   .bss        
     bios_sci_rx_int_src                        6E1       2       2       7   .common     
     bios_sci_tx_int_src                        6E3       2       2       5   .common     
MODULE:                 -- bios_spi.c.o (project.lib) --
- PROCEDURES:
     SS1_Interrupt                             750B      30      48       1   NON_BANKED  
- VARIABLES:
     SS1_InpLen                                 6E5       1       1       4   .common     
     SS1_InpFull                                6E6       1       1       1   .common     
     bios_spi_inpbuffer                         6E7       6       6       1   .common     
     bios_spi_outbuffer                         6ED       6       6       2   .common     
MODULE:                 -- bios_timer.c.o (project.lib) --
- PROCEDURES:
     bios_init_timer                           3ED0      10      16       1   .text       
     bios_timer1_channels_init                 3EE0      59      89       2   .text       
     bios_timer1_write_registers               3F39      4A      74       1   .text       
     bios_timer1_interrupt_ack                 3F83       3       3       1   .text       
     bios_timer1_chn_interrupt_ack             3F86      4B      75       6   .text       
     bios_timer2_interrupt_ack                 3FD1       3       3       1   .text       
     bios_timer1_pwm_read_init                 3FD4      B4     180       1   .text       
     bios_get_prescaler_value                  4088      E0     224       1   .text       
     bios_pwm_get_values                       4168      B5     181       1   .text       
- VARIABLES:
     var_tpm1_registers_blocked                 192       1       1       3   .bss        
     var_tpm1_registers_dir                     193       1       1       1   .bss        
     bios_pwm_out_active                        194       1       1       2   .bss        
     var_TPM1SC                                 6F3       1       1       2   .common     
     var_TPM1MOD                                6F4       2       2       1   .common     
     var_TPM1CxV                                6F6       C      12       6   .common     
     bios_pwm1_read                             702      7E     126      18   .common     
     bios_pwm1_read_cycle_freq                  780       4       4       2   .common     
     bios_pwm1_read_cycle_fakt                  784       2       2       1   .common     
     bios_pwm_out_presc                         786       1       1       2   .common     
MODULE:                 -- can_db.c.o (project.lib) --
- PROCEDURES:
     get_value_from_can_block                  421D     1C2     450      10   .text       
     can_db_get_value                          43DF      9F     159       2   .text       
     can_db_init                               447E      2F      47       2   .text       
     bit_weight_32                             44AD      2A      42       2   .text       
     can_db_transmit_deactivate                44D7      7B     123       1   .text       
     can_create_mask_simple                    4552     40F    1039      26   .text       
     can_input_block_to_db                     B000     1F2     498      12   DEFAULT_ROM2
     can_db_output_to_bus                      B1F2     5D7    1495      22   DEFAULT_ROM2
- VARIABLES:
     can_message_received                       195       1       1       1   .bss        
MODULE:                 -- Cpu.c.o (project.lib) --
- PROCEDURES:
     check_ram_test                            4961       1       1       1   .text       
     _EntryPoint                               2200      55      85       1   .init       
- VARIABLES:
MODULE:                 -- JMP_VektorTable.asm.o (project.lib) --
- PROCEDURES:
     JMP_VECTOR                                AF80      80     128       0   JMP_VECTOR_TABLE
- VARIABLES:
MODULE:                 -- lin_stack.c.o (project.lib) --
- PROCEDURES:
     get_ext_dyn_lin_rx_msg_queue              4962      3F      63       1   .text       
     private_lin_module_get_saved_rx_msg       49A1      47      71       1   .text       
     lin_queue_in_process                      49E8     13F     319       7   .text       
     lin_header_received_ack                   4B27       C      12       1   .text       
     lin_get_lin_frame_index                   4B33      5C      92       1   .text       
     private_lin_stack_module_get_saved_rx_header       4B8F      3C      60       1   .text       
- VARIABLES:
     mgl_ptr_lin_msg_queue                      111       2       2       2   .data       
     ext_lin_stack_header_received_cb_handler        196       2       2       2   .bss        
     ext_lin_stack_frame_received_cb_handler        198       2       2       4   .bss        
MODULE:                 -- main.c.o (project.lib) --
- PROCEDURES:
     Start_wait                                4BCB      3D      61       6   .text       
     init                                      4C08      3D      61       1   .text       
     main                                      4C45     226     550      12   .text       
- VARIABLES:
     timer_ResetStart                           19A       4       4       3   .bss        
     modulename_change                          19E       1       1       1   .bss        
     reset_counter_fast                         19F       1       1       1   .bss        
     can_init_disable                           1A0       1       1       2   .bss        
     time_diff_graphcode                        1A1       1       1       1   .bss        
     time_can                                   787       4       4       4   .common     
     time_can_tx                                78B       4       4       4   .common     
     time_graphcode                             78F       4       4       7   .common     
     time_HCS12X_TIMEOUT                        793       4       4       1   .common     
     time_main_loop                             797       4       4       3   .common     
     graph_cycle_time_init                      79B       2       2       2   .common     
     timer_diff                                 79D       1       1       3   .common     
     graph_disabled                             79E       1       1       3   .common     
     adc_auto_disable                           79F       1       1       3   .common     
     can_msg                                    7A0       F      15       3   .common     
MODULE:                 -- MC9S08DZ60.C.o (project.lib) --
- PROCEDURES:
- VARIABLES:
     _PTAD                                        0       1       1       0   .abs_section_0
     _PTADD                                       1       1       1       0   .abs_section_1
     _PTBD                                        2       1       1       0   .abs_section_2
     _PTBDD                                       3       1       1       0   .abs_section_3
     _PTCD                                        4       1       1       0   .abs_section_4
     _PTCDD                                       5       1       1       0   .abs_section_5
     _PTDD                                        6       1       1       1   .abs_section_6
     _PTDDD                                       7       1       1       0   .abs_section_7
     _PTED                                        8       1       1       0   .abs_section_8
     _PTEDD                                       9       1       1       0   .abs_section_9
     _PTFD                                        A       1       1       0   .abs_section_a
     _PTFDD                                       B       1       1       0   .abs_section_b
     _PTGD                                        C       1       1       0   .abs_section_c
     _PTGDD                                       D       1       1       0   .abs_section_d
     _ACMP1SC                                     E       1       1       0   .abs_section_e
     _ACMP2SC                                     F       1       1       0   .abs_section_f
     _ADCSC1                                     10       1       1       4   .abs_section_10
     _ADCSC2                                     11       1       1       0   .abs_section_11
     _ADCCFG                                     16       1       1       1   .abs_section_16
     _APCTL1                                     17       1       1       0   .abs_section_17
     _APCTL2                                     18       1       1       0   .abs_section_18
     _APCTL3                                     19       1       1       0   .abs_section_19
     _IRQSC                                      1C       1       1       0   .abs_section_1c
     _TPM1SC                                     20       1       1       5   .abs_section_20
     _TPM1C0SC                                   25       1       1       2   .abs_section_25
     _TPM1C1SC                                   28       1       1       2   .abs_section_28
     _TPM1C2SC                                   2B       1       1       2   .abs_section_2b
     _TPM1C3SC                                   2E       1       1       2   .abs_section_2e
     _TPM1C4SC                                   31       1       1       2   .abs_section_31
     _TPM1C5SC                                   34       1       1       2   .abs_section_34
     _SCI1C1                                     3A       1       1       0   .abs_section_3a
     _SCI1C2                                     3B       1       1       0   .abs_section_3b
     _SCI1S1                                     3C       1       1       0   .abs_section_3c
     _SCI1S2                                     3D       1       1       0   .abs_section_3d
     _SCI1C3                                     3E       1       1       0   .abs_section_3e
     _SCI1D                                      3F       1       1       0   .abs_section_3f
     _SCI2C1                                     42       1       1       0   .abs_section_42
     _SCI2C2                                     43       1       1       0   .abs_section_43
     _SCI2S1                                     44       1       1       0   .abs_section_44
     _SCI2S2                                     45       1       1       0   .abs_section_45
     _SCI2C3                                     46       1       1       0   .abs_section_46
     _SCI2D                                      47       1       1       0   .abs_section_47
     _MCGC1                                      48       1       1       4   .abs_section_48
     _MCGC2                                      49       1       1       1   .abs_section_49
     _MCGTRM                                     4A       1       1       1   .abs_section_4a
     _MCGSC                                      4B       1       1       7   .abs_section_4b
     _MCGC3                                      4C       1       1       1   .abs_section_4c
     _SPIC1                                      50       1       1       0   .abs_section_50
     _SPIC2                                      51       1       1       0   .abs_section_51
     _SPIBR                                      52       1       1       0   .abs_section_52
     _SPIS                                       53       1       1       1   .abs_section_53
     _SPID                                       55       1       1       2   .abs_section_55
     _IICA                                       58       1       1       0   .abs_section_58
     _IICF                                       59       1       1       0   .abs_section_59
     _IICC1                                      5A       1       1       0   .abs_section_5a
     _IICS                                       5B       1       1       1   .abs_section_5b
     _IICD                                       5C       1       1       0   .abs_section_5c
     _IICC2                                      5D       1       1       0   .abs_section_5d
     _TPM2SC                                     60       1       1       2   .abs_section_60
     _TPM2C0SC                                   65       1       1       0   .abs_section_65
     _TPM2C1SC                                   68       1       1       0   .abs_section_68
     _RTCSC                                      6C       1       1       1   .abs_section_6c
     _RTCCNT                                     6D       1       1       0   .abs_section_6d
     _RTCMOD                                     6E       1       1       0   .abs_section_6e
     _SRS                                      1800       1       1       2   .abs_section_1800
     _SBDFR                                    1801       1       1       0   .abs_section_1801
     _SOPT1                                    1802       1       1       2   .abs_section_1802
     _SOPT2                                    1803       1       1       1   .abs_section_1803
     _SPMSC1                                   1809       1       1       1   .abs_section_1809
     _SPMSC2                                   180A       1       1       1   .abs_section_180a
     _DBGC                                     1816       1       1       0   .abs_section_1816
     _DBGT                                     1817       1       1       0   .abs_section_1817
     _DBGS                                     1818       1       1       0   .abs_section_1818
     _FCDIV                                    1820       1       1       2   .abs_section_1820
     _FOPT                                     1821       1       1       0   .abs_section_1821
     _FCNFG                                    1823       1       1      14   .abs_section_1823
     _FPROT                                    1824       1       1       0   .abs_section_1824
     _FSTAT                                    1825       1       1      13   .abs_section_1825
     _FCMD                                     1826       1       1       2   .abs_section_1826
     _PTAPE                                    1840       1       1       0   .abs_section_1840
     _PTASE                                    1841       1       1       0   .abs_section_1841
     _PTADS                                    1842       1       1       0   .abs_section_1842
     _PTASC                                    1844       1       1       0   .abs_section_1844
     _PTAPS                                    1845       1       1       0   .abs_section_1845
     _PTAES                                    1846       1       1       0   .abs_section_1846
     _PTBPE                                    1848       1       1       0   .abs_section_1848
     _PTBSE                                    1849       1       1       0   .abs_section_1849
     _PTBDS                                    184A       1       1       0   .abs_section_184a
     _PTBSC                                    184C       1       1       0   .abs_section_184c
     _PTBPS                                    184D       1       1       0   .abs_section_184d
     _PTBES                                    184E       1       1       0   .abs_section_184e
     _PTCPE                                    1850       1       1       0   .abs_section_1850
     _PTCSE                                    1851       1       1       0   .abs_section_1851
     _PTCDS                                    1852       1       1       0   .abs_section_1852
     _PTDPE                                    1858       1       1       0   .abs_section_1858
     _PTDSE                                    1859       1       1       0   .abs_section_1859
     _PTDDS                                    185A       1       1       0   .abs_section_185a
     _PTDSC                                    185C       1       1       0   .abs_section_185c
     _PTDPS                                    185D       1       1       0   .abs_section_185d
     _PTDES                                    185E       1       1       0   .abs_section_185e
     _PTEPE                                    1860       1       1       0   .abs_section_1860
     _PTESE                                    1861       1       1       0   .abs_section_1861
     _PTEDS                                    1862       1       1       0   .abs_section_1862
     _PTFPE                                    1868       1       1       0   .abs_section_1868
     _PTFSE                                    1869       1       1       0   .abs_section_1869
     _PTFDS                                    186A       1       1       0   .abs_section_186a
     _PTGPE                                    1870       1       1       0   .abs_section_1870
     _PTGSE                                    1871       1       1       0   .abs_section_1871
     _PTGDS                                    1872       1       1       0   .abs_section_1872
     _CANCTL0                                  1880       1       1       7   .abs_section_1880
     _CANCTL1                                  1881       1       1      11   .abs_section_1881
     _CANBTR0                                  1882       1       1       1   .abs_section_1882
     _CANBTR1                                  1883       1       1       1   .abs_section_1883
     _CANRFLG                                  1884       1       1       8   .abs_section_1884
     _CANRIER                                  1885       1       1       1   .abs_section_1885
     _CANTFLG                                  1886       1       1       5   .abs_section_1886
     _CANTIER                                  1887       1       1       5   .abs_section_1887
     _CANTARQ                                  1888       1       1       0   .abs_section_1888
     _CANTAAK                                  1889       1       1       0   .abs_section_1889
     _CANTBSEL                                 188A       1       1       4   .abs_section_188a
     _CANIDAC                                  188B       1       1       2   .abs_section_188b
     _CANMISC                                  188D       1       1       0   .abs_section_188d
     _CANRXERR                                 188E       1       1       0   .abs_section_188e
     _CANTXERR                                 188F       1       1       0   .abs_section_188f
     _CANIDAR0                                 1890       1       1       2   .abs_section_1890
     _CANIDAR1                                 1891       1       1       2   .abs_section_1891
     _CANIDAR2                                 1892       1       1       1   .abs_section_1892
     _CANIDAR3                                 1893       1       1       1   .abs_section_1893
     _CANIDMR0                                 1894       1       1       2   .abs_section_1894
     _CANIDMR1                                 1895       1       1       2   .abs_section_1895
     _CANIDMR2                                 1896       1       1       1   .abs_section_1896
     _CANIDMR3                                 1897       1       1       1   .abs_section_1897
     _CANIDAR4                                 1898       1       1       2   .abs_section_1898
     _CANIDAR5                                 1899       1       1       2   .abs_section_1899
     _CANIDAR6                                 189A       1       1       1   .abs_section_189a
     _CANIDAR7                                 189B       1       1       1   .abs_section_189b
     _CANIDMR4                                 189C       1       1       2   .abs_section_189c
     _CANIDMR5                                 189D       1       1       2   .abs_section_189d
     _CANIDMR6                                 189E       1       1       1   .abs_section_189e
     _CANIDMR7                                 189F       1       1       1   .abs_section_189f
     _CANRDSR0                                 18A4       1       1       1   .abs_section_18a4
     _CANRDSR1                                 18A5       1       1       0   .abs_section_18a5
     _CANRDSR2                                 18A6       1       1       0   .abs_section_18a6
     _CANRDSR3                                 18A7       1       1       0   .abs_section_18a7
     _CANRDSR4                                 18A8       1       1       0   .abs_section_18a8
     _CANRDSR5                                 18A9       1       1       0   .abs_section_18a9
     _CANRDSR6                                 18AA       1       1       0   .abs_section_18aa
     _CANRDSR7                                 18AB       1       1       0   .abs_section_18ab
     _CANRDLR                                  18AC       1       1       1   .abs_section_18ac
     _CANTDSR0                                 18B4       1       1       1   .abs_section_18b4
     _CANTDSR1                                 18B5       1       1       0   .abs_section_18b5
     _CANTDSR2                                 18B6       1       1       0   .abs_section_18b6
     _CANTDSR3                                 18B7       1       1       0   .abs_section_18b7
     _CANTDSR4                                 18B8       1       1       0   .abs_section_18b8
     _CANTDSR5                                 18B9       1       1       0   .abs_section_18b9
     _CANTDSR6                                 18BA       1       1       0   .abs_section_18ba
     _CANTDSR7                                 18BB       1       1       0   .abs_section_18bb
     _CANTDLR                                  18BC       1       1       1   .abs_section_18bc
     _CANTTBPR                                 18BD       1       1       2   .abs_section_18bd
     _ADCR                                       12       2       2       2   .abs_section_12
     _ADCCV                                      14       2       2       0   .abs_section_14
     _TPM1CNT                                    21       2       2       0   .abs_section_21
     _TPM1MOD                                    23       2       2       2   .abs_section_23
     _TPM1C0V                                    26       2       2       1   .abs_section_26
     _TPM1C1V                                    29       2       2       1   .abs_section_29
     _TPM1C2V                                    2C       2       2       1   .abs_section_2c
     _TPM1C3V                                    2F       2       2       1   .abs_section_2f
     _TPM1C4V                                    32       2       2       1   .abs_section_32
     _TPM1C5V                                    35       2       2       1   .abs_section_35
     _SCI1BD                                     38       2       2       0   .abs_section_38
     _SCI2BD                                     40       2       2       0   .abs_section_40
     _TPM2CNT                                    61       2       2       0   .abs_section_61
     _TPM2MOD                                    63       2       2       1   .abs_section_63
     _TPM2C0V                                    66       2       2       0   .abs_section_66
     _TPM2C1V                                    69       2       2       0   .abs_section_69
     _SDID                                     1806       2       2       0   .abs_section_1806
     _DBGCA                                    1810       2       2       0   .abs_section_1810
     _DBGCB                                    1812       2       2       0   .abs_section_1812
     _DBGF                                     1814       2       2       0   .abs_section_1814
     _CANRTSR                                  18AE       2       2       0   .abs_section_18ae
     _CANTTSR                                  18BE       2       2       0   .abs_section_18be
     _CANRIDR                                  18A0       4       4      11   .abs_section_18a0
     _CANTIDR                                  18B0       4       4       7   .abs_section_18b0
MODULE:                 -- MODBUS_PLC.C.o (project.lib) --
- PROCEDURES:
     MainDelay                                 4E6B      31      49       2   .text       
- VARIABLES:
MODULE:                 -- os_can.c.o (project.lib) --
- PROCEDURES:
     os_can_get_msg_A                          4E9C      42      66       1   .text       
     os_can_get_msg_B                          4EDE      42      66       1   .text       
     os_can_rx                                 4F20      E8     232       4   .text       
     os_can_check_error                        5008       3       3       1   .text       
- VARIABLES:
     os_can_msg_queue_A_beg                     1A2       1       1       7   .bss        
     os_can_msg_queue_A_end                     1A3       1       1       7   .bss        
     os_can_msg_queue_B_beg                     1A4       1       1       7   .bss        
     os_can_msg_queue_B_end                     1A5       1       1       7   .bss        
     os_can_msg_queue_A_overflow                7AF       1       1       3   .common     
     os_can_msg_queue_B_overflow                7B0       1       1       3   .common     
MODULE:                 -- os_iee.c.o (project.lib) --
- PROCEDURES:
     os_eeprom_read_all                        500B     257     599      13   .text       
- VARIABLES:
MODULE:                 -- os_io.c.o (project.lib) --
- PROCEDURES:
     os_init_adc                               5262     159     345       7   .text       
     os_analog_io_tick                         53BB     10C     268       4   .text       
     os_analog_int                             54C7     150     336       1   .text       
     os_analog_int_start                       5617      9D     157       1   .text       
     os_pin_set_direction                      56B4      B8     184       1   .text       
     os_pin_set_pull_direction                 576C      B8     184       1   .text       
     os_pin_set_pull_enable                    5824      B8     184       1   .text       
     os_pin_set_interrupt_edge                 58DC      B8     184       1   .text       
     os_pin_set_interrupt_enable               5994      C7     199       1   .text       
     os_pin_write                              5A5B      BE     190       5   .text       
     os_pin_read                               5B19      AC     172       2   .text       
     os_digin                                  5BC5      28      40       1   .text       
     os_digout                                 5BED      53      83       9   .text       
     os_update_digin                           B7C9     14E     334       9   DEFAULT_ROM2
     os_update_digout                          B917     177     375      11   DEFAULT_ROM2
     os_init_ports                             BA8E     1B9     441      23   DEFAULT_ROM2
- VARIABLES:
     os_adc_vals                                7B1       A      10      59   .common     
MODULE:                 -- os_timer.c.o (project.lib) --
- PROCEDURES:
     os_timer_tick                             5C40      83     131       1   .text       
     os_init_pwm                               5CC3      7D     125       1   .text       
     os_init_pwm_duty_read                     5D40      3B      59       1   .text       
     os_pwm_read_update                        5D7B      3E      62       1   .text       
     os_set_timestamp                          BC47      54      84       3   DEFAULT_ROM2
     os_timestamp                              BC9B      17      23      11   DEFAULT_ROM2
     os_get_time_past                          BCB2      18      24       2   DEFAULT_ROM2
     os_time_past                              BCCA      24      36      13   DEFAULT_ROM2
- VARIABLES:
     os_time_tick_1ms                           7BB       4       4       4   .common     
     os_time_tick_10ms                          7BF       4       4       3   .common     
     os_time_tick_100ms                         7C3       4       4       3   .common     
     os_time_tick_1000ms                        7C7       4       4       3   .common     
     os_time_tmp1                               7CB       2       2       4   .common     
     os_time_tmp2                               7CD       2       2       4   .common     
     os_time_tmp3                               7CF       2       2       4   .common     
MODULE:                 -- os_util.c.o (project.lib) --
- PROCEDURES:
     os_util_init                              5DB9      13      19       1   .text       
     memcpy_far2near                           5DCC      3D      61       1   .text       
- VARIABLES:
MODULE:                 -- Start08.c.o (project.lib) --
- PROCEDURES:
     loadByte                                  5E09       E      14       5   .text       
     Init                                      5E17      6D     109       1   .text       
     _Startup                                  5E84       C      12       1   .text       
- VARIABLES:
     _startupData                              2255       6       6       4   .startData  
- LABELS:
     __SEG_END_SSTACK                          1080       0       0       1               
MODULE:                 -- SYSTEM_CAN_EEprom.c.o (project.lib) --
- PROCEDURES:
     save_EEProm_Default                       5E90     13C     316       7   .text       
     Get_Bootloader_ID                         5FCC      72     114       1   .text       
     Set_Baudrate_EEPROM                       603E      74     116       1   .text       
     read_EEprom_WERKSDATEN                    60B2     1FB     507       6   .text       
     update_EEprom_SW_Version                  62AD      86     134       1   .text       
     Check_Portbyte                            6333      2A      42       1   .text       
     CAN_ReceiveMessage                        635D      65     101       1   .text       
     save_ReceiveCan0MsgBuffer                 63C2      49      73       1   .text       
     Check_CRC                                 640B      42      66       3   .text       
     can_empfang                               644D     E33    3635     103   .text       
     ReadCanBuffer                             7280      32      50       1   .text       
     SYSTEM_CAN_MSG_verarbeiten                72B2      17      23       1   .text       
     sendeCanMessage                           72C9      63      99       6   .text       
     check_scan_delay                          732C      5B      91       1   .text       
- VARIABLES:
     EEPROM_Modulname                           113      1F      31       3   .data       
     EEPROM_SW_Version                          132      15      21       3   .data       
     EEPROM_Bezeichnung                         147      15      21       1   .data       
     EEPROM_Werksdaten_vorhanden                1A6       1       1       2   .bss        
     EEPROM_Seriennummer                        1A7       4       4      25   .bss        
     EEPROM_Startkenner                         1AB       2       2       4   .bss        
     EEPROM_PROG_Status                         1AD       2       2       9   .bss        
     EEPROM_ResetCounter                        1AF       1       1       6   .bss        
     EEPROM_Library_Version                     1B0       2       2       6   .bss        
     EEPROM_MCU_Type                            1B2       1       1       2   .bss        
     EEPROM_COP_WD_Timeout                      1B3       2       2       3   .bss        
     EEPROM_HW_Version                          1B5       2       2       1   .bss        
     EEPROM_Bootloader_Version                  1B7       2       2       5   .bss        
     EEPROM_Bootloader_ID_ext                   1B9       1       1      30   .bss        
     EEPROM_Bootloader_ID                       1BA       4       4      42   .bss        
     EEPROM_Bootloader_MAX_ID                   1BE       4       4       4   .bss        
     EEPROM_Bootloader_ID_NIBBLE                1C2       2       2      41   .bss        
     EEPROM_Bootloader_ID_CRC                   1C4       1       1       2   .bss        
     EEPROM_Baudrate_Bootloader1                1C5       2       2       9   .bss        
     EEPROM_Portbyte1                           1C7       2       2       4   .bss        
     hw_bootloader_access_en                    1C9       1       1       4   .bss        
     akt_Zustand_hw_bootloader_access_en        1CA       1       1       3   .bss        
     hw_bootloader_access_en_aktiv              1CB       1       1       5   .bss        
     TIMEROUT_ModulCanZugriff_aktiv             1CC       4       4       3   .bss        
     HW_Bootloader_aktiv                        1D0       1       1      10   .bss        
     Produktion_Zugriff_aktiv                   1D1       1       1       4   .bss        
     Produktion_aktiv                           1D2       1       1       6   .bss        
     USER_EEpromdaten_aktiv                     1D3       1       1       6   .bss        
     FLASHER_aktiv                              1D4       1       1       4   .bss        
     CAN_writePtr                               1D5       1       1       6   .bss        
     CAN_readPtr                                1D6       1       1      10   .bss        
     Can_OverRun                                1D7       2       2       1   .bss        
     IN_Seriennummer                            1D9       4       4       8   .bss        
     SW_Version_Update.4                        1DD       1       1       2   .bss        
     scan_delay_active                          7D1       1       1       3   .common     
     scan_delay_goal                            7D2       1       1       3   .common     
     scan_delay_timer                           7D3       4       4       3   .common     
     bl_baudrate_change                         7D7       1       1       2   .common     
     RxCan0MsgBuffer                            7D8      55      85       4   .common     
     Flashdatenbuffer                           82D       F      15      18   .common     
     TestFlashdatenbuffer                       83C       F      15       5   .common     
     ModulCanZugriff_aktiv                      84B       1       1       5   .common     
     TransmitMsg                                84C       F      15      16   .common     

*********************************************************************************************
MODULE STATISTIC
  Name                                      Data   Code  Const
---------------------------------------------------------------------------------------------
  can_db_tables.c.o                            8      0    118
  lin_db_tables.c.o                           43      0      0
  os_io_tables.c.o                             0      0    547
  modulhardwarecode.c.o                        0     18      0
  graph_code.c.o                               2      2      0
  System_Init.c.o                           1253    314     86
  user_code.c.o                               15    531      0
  RTSHC08.C.o (ansiis.lib)                     0   1155      0
  STRING.C.o (ansiis.lib)                      0     99      0
  bios_can.c.o (project.lib)                   4   2213    120
  bios_cpu.c.o (project.lib)                   1     18      0
  bios_ee_flash.c.o (project.lib)              0     20      0
  bios_i2c.c.o (project.lib)                   0      9      0
  bios_iee.c.o (project.lib)                  10   1530      0
  bios_interrupts.c.o (project.lib)            8    379      0
  bios_io.c.o (project.lib)                    0     38      8
  bios_sci.c.o (project.lib)                  14    424     32
  bios_spi.c.o (project.lib)                  14     48      0
  bios_timer.c.o (project.lib)               151    845      0
  can_db.c.o (project.lib)                     1   3853      0
  Cpu.c.o (project.lib)                        0     86      0
  JMP_VektorTable.asm.o (project.lib)          0    128      0
  lin_stack.c.o (project.lib)                  6    617      0
  main.c.o (project.lib)                      48    672      0
[...]
 |  |  |  |  |  | 
 |  |  |  |  |  +- _PUSH_ARGS_L        
 |  |  |  |  |       
 |  |  |  |  +- _LMUL_k_is_k_mul_j  
 |  |  |  |     | 
 |  |  |  |     +- _k_is_k_plus_j_l    
 |  |  |  |     |    
 |  |  |  |     +- _k_is_k_plus_j_i    
 |  |  |  |          
 |  |  |  +- _LDIVU              
 |  |  |  |  | 
 |  |  |  |  +- _ENTER_BINARY_L     
 |  |  |  |  |  | 
 |  |  |  |  |  +- _PUSH_ARGS_L         (see above)
 |  |  |  |  |     
 |  |  |  |  +- _LDIVU_k_is_k_div_j 
 |  |  |  |     | 
 |  |  |  |     +- _LDIVMOD            
 |  |  |  |          
 |  |  |  +- bios_reset_watchdog  (see above)
 |  |  |     
 |  |  +- os_init_pwm         
 |  |  |  | 
 |  |  |  +- bios_timer1_channels_init
 |  |  |     | 
 |  |  |     +- _Jump_Table_Header_Offset
 |  |  |          
 |  |  +- os_init_pwm_duty_read
 |  |     | 
 |  |     +- bios_timer1_pwm_read_init
 |  |        | 
 |  |        +- _LMUL               
 |  |        |  | 
 |  |        |  +- _ENTER_BINARY_L      (see above)
 |  |        |  |  
 |  |        |  +- _LMUL_k_is_k_mul_j   (see above)
 |  |        |     
 |  |        +- _LDIVU_LC           
 |  |        |  | 
 |  |        |  +- _ENTER_BINARY_L_LC  
 |  |        |  |  | 
 |  |        |  |  +- _PUSH_ARGS_L         (see above)
 |  |        |  |     
 |  |        |  +- _LDIVU_k_is_k_div_j  (see above)
 |  |        |     
 |  |        +- _POP32              
 |  |        |    
 |  |        +- _LCMP_RC            
 |  |        |  | 
 |  |        |  +- _ENTER_BINARY_L_RC   (see above)
 |  |        |  |  
 |  |        |  +- _LCMP_k_rel_j       
 |  |        |       
 |  |        +- bios_get_prescaler_value
 |  |        |  | 
 |  |        |  +- _ICMP                (see above)
 |  |        |  |  
 |  |        |  +- _LDIVU_LC            (see above)
 |  |        |  |  
 |  |        |  +- _POP32               (see above)
 |  |        |  |  
 |  |        |  +- _LDIVU               (see above)
 |  |        |     
 |  |        +- bios_timer1_channels_init (see above)
 |  |           
 |  +- read_EEprom_WERKSDATEN
 |  |  | 
 |  |  +- bios_enable_watchdog
 |  |  |    
 |  |  +- IEE1_GetData         (see above)
 |  |  |  
 |  |  +- IEE1_SetData        
 |  |  |  | 
 |  |  |  +- bios_reset_watchdog  (see above)
 |  |  |  |  
 |  |  |  +- IEE1_SwitchPage      (see above)
 |  |  |  |  
 |  |  |  +- Start_wait          
 |  |  |  |  | 
 |  |  |  |  +- bios_reset_watchdog  (see above)
 |  |  |  |  |  
 |  |  |  |  +- _LADD               
 |  |  |  |  |  | 
 |  |  |  |  |  +- _ENTER_BINARY_L      (see above)
 |  |  |  |  |  |  
 |  |  |  |  |  +- _LADD_k_is_k_plus_j 
 |  |  |  |  |       
 |  |  |  |  +- _POP32               (see above)
 |  |  |  |  |  
 |  |  |  |  +- _LINC               
 |  |  |  |  |  | 
 |  |  |  |  |  +- _ENTER_UNARY_L      
 |  |  |  |  |       
 |  |  |  |  +- _LCMP               
 |  |  |  |  |  | 
 |  |  |  |  |  +- _ENTER_BINARY_L      (see above)
 |  |  |  |  |  |  
 |  |  |  |  |  +- _LCMP_k_rel_j        (see above)
 |  |  |  |  |     
 |  |  |  |  +- _COPY               
 |  |  |  |       
 |  |  |  +- WriteBlock          
 |  |  |     | 
 |  |  |     +- LaunchCmdEndTestError
 |  |  |     |    
 |  |  |     +- _LINC                (see above)
 |  |  |     |  
 |  |  |     +- _POP32               (see above)
 |  |  |     |  
 |  |  |     +- _LCMP_RC             (see above)
 |  |  |     |  
 |  |  |     +- NonDestructiveUnsecureWrite
 |  |  |        | 
 |  |  |        +- Start_wait           (see above)
 |  |  |        |  
 |  |  |        +- _LINC                (see above)
 |  |  |        |  
 |  |  |        +- _POP32               (see above)
 |  |  |        |  
 |  |  |        +- _LCMP_RC             (see above)
 |  |  |           
 |  |  +- save_EEProm_Default 
 |  |  |  | 
 |  |  |  +- Check_CRC           
 |  |  |  |    
 |  |  |  +- IEE1_SetData         (see above)
 |  |  |     
 |  |  +- Check_CRC            (see above)
 |  |  |  
 |  |  +- Get_Bootloader_ID   
 |  |  |  | 
 |  |  |  +- IEE1_GetData         (see above)
 |  |  |  |  
 |  |  |  +- _LLSL               
 |  |  |  |  | 
 |  |  |  |  +- _ENTER_UNARY_L       (see above)
 |  |  |  |     
 |  |  |  +- _LADD                (see above)
 |  |  |  |  
 |  |  |  +- _POP32               (see above)
 |  |  |     
 |  |  +- Set_Baudrate_EEPROM 
 |  |     | 
 |  |     +- bios_can_parameter_to_number
 |  |     |    
 |  |     +- bios_test_baudrate  
 |  |     |    
 |  |     +- IEE1_SetData         (see above)
 |  |        
 |  +- os_timestamp        
 |  |  | 
 |  |  +- os_set_timestamp    
 |  |  |  | 
 |  |  |  +- _Jump_Table_Header_Offset (see above)
 |  |  |  |  
 |  |  |  +- _COPY                (see above)
 |  |  |     
 |  |  +- _COPY                (see above)
 |  |     
 |  +- bios_can_enter_reset
 |  |    
 |  +- can_db_init         
 |  |  | 
 |  |  +- can_db_transmit_deactivate
 |  |  |  | 
 |  |  |  +- _PUSH_CC             (see above)
 |  |  |  |  
 |  |  |  +- _POP_CC              (see above)
 |  |  |     
 |  |  +- can_create_mask     
 |  |  |  | 
 |  |  |  +- can_create_mask_simple
 |  |  |     | 
 |  |  |     +- _LLSL                (see above)
 |  |  |     |  
 |  |  |     +- _LADD                (see above)
 |  |  |     |  
 |  |  |     +- _POP32               (see above)
 |  |  |     |  
 |  |  |     +- _LXOR               
 |  |  |     |  | 
 |  |  |     |  +- _ENTER_BINARY_L      (see above)
 |  |  |     |  |  
 |  |  |     |  +- _LXOR_k_is_k_xor_j  
 |  |  |     |       
 |  |  |     +- _LOR                
 |  |  |     |  | 
 |  |  |     |  +- _ENTER_BINARY_L      (see above)
 |  |  |     |  |  
 |  |  |     |  +- _LOR_k_is_k_or_j    
 |  |  |     |       
 |  |  |     +- _COPY                (see above)
 |  |  |     |  
 |  |  |     +- bit_weight_32       
 |  |  |          
 |  |  +- bios_init_can       
 |  |     | 
 |  |     +- bios_can_enter_reset (see above)
 |  |     |  
 |  |     +- _Jump_Table_Header_Addr
 |  |     |    
 |  |     +- bios_can_set_mask_A 
 |  |     |  | 
 |  |     |  +- _ILSR               
 |  |     |  |    
 |  |     |  +- _LLSR               
 |  |     |     | 
 |  |     |     +- _ENTER_UNARY_L       (see above)
 |  |     |        
 |  |     +- bios_can_set_mask_B 
 |  |     |  | 
 |  |     |  +- _ILSR                (see above)
 |  |     |  |  
 |  |     |  +- _LLSR                (see above)
 |  |     |     
 |  |     +- bios_can_set_filter_A
 |  |     |  | 
 |  |     |  +- _ILSR                (see above)
 |  |     |  |  
 |  |     |  +- _LLSR                (see above)
 |  |     |     
 |  |     +- bios_can_set_filter_B
 |  |     |  | 
 |  |     |  +- _ILSR                (see above)
 |  |     |  |  
 |  |     |  +- _LLSR                (see above)
 |  |     |     
 |  |     +- bios_can_enter_operation
 |  |          
 |  +- lin_initialization  
 |  |    
 |  +- modulhardwarecode_init
 |  |  | 
 |  |  +- os_pin_write         (see above)
 |  |     
 |  +- graphcode_init      
 |  |    
 |  +- usercode_init       
 |  |  | 
 |  |  +- os_timestamp         (see above)
 |  |  |  
 |  |  +- os_digout            (see above)
 |  |     
 |  +- MainDelay           
 |  |  | 
 |  |  +- bios_reset_watchdog  (see above)
 |  |     
 |  +- bios_reset_watchdog  (see above)
 |  |  
 |  +- Modbus_IN_and_OUT   
 |  |    
 |  +- lin_queue_in_process
 |  |  | 
 |  |  +- lin_get_lin_frame_index
 |  |  |    
 |  |  +- _CALL_STAR08        
 |  |  |    
 |  |  +- lin_header_received_ack
 |  |  |    
 |  |  +- private_lin_stack_module_get_saved_rx_header
 |  |  |    
 |  |  +- _COPY                (see above)
 |  |  |  
 |  |  +- _memcpy_8bitCount   
 |  |  |    
 |  |  +- private_lin_module_get_saved_rx_msg
 |  |     | 
 |  |     +- get_ext_dyn_lin_rx_msg_queue
 |  |     |  | 
 |  |     |  +- _IMUL_STAR08         (see above)
 |  |     |     
 |  |     +- memcpy_far2near     
 |  |          
 |  +- os_time_past        
 |  |  | 
 |  |  +- os_set_timestamp     (see above)
 |  |  |  
 |  |  +- _LSUB               
 |  |  |  | 
 |  |  |  +- _ENTER_BINARY_L      (see above)
 |  |  |  |  
 |  |  |  +- _LSUB_k_is_k_minus_j
 |  |  |       
 |  |  +- _LCMP                (see above)
 |  |     
 |  +- os_can_get_msg_A    
 |  |  | 
 |  |  +- _memcpy_8bitCount    (see above)
 |  |     
 |  +- os_can_get_msg_B    
 |  |  | 
 |  |  +- _memcpy_8bitCount    (see above)
 |  |     
 |  +- SYSTEM_CAN_MSG_verarbeiten
 |  |  | 
 |  |  +- ReadCanBuffer       
 |  |     | 
 |  |     +- can_empfang         
 |  |        | 
 |  |        +- _COPY                (see above)
 |  |        |  
 |  |        +- _LCMP                (see above)
 |  |        |  
 |  |        +- _LLSL                (see above)
 |  |        |  
 |  |        +- _LADD                (see above)
 |  |        |  
 |  |        +- os_timestamp         (see above)
 |  |        |  
 |  |        +- _POP32               (see above)
 |  |        |  
 |  |        +- sendeCanMessage     
 |  |        |  | 
 |  |        |  +- bios_reset_watchdog  (see above)
 |  |        |  |  
 |  |        |  +- bios_can_send_msg   
 |  |        |     | 
 |  |        |     +- bios_can_add_tx_buffer
 |  |        |     |  | 
 |  |        |     |  +- _COPY                (see above)
 |  |        |     |     
 |  |        |     +- bios_can_write_msg_data
 |  |        |        | 
 |  |        |        +- _LLSR                (see above)
 |  |        |        |  
 |  |        |        +- _ILSR                (see above)
 |  |        |           
 |  |        +- Check_Portbyte      
 |  |        |    
 |  |        +- bios_test_baudrate   (see above)
 |  |        |  
 |  |        +- Check_CRC            (see above)
 |  |        |  
 |  |        +- IEE1_SetData         (see above)
 |  |        |  
 |  |        +- bios_reset_watchdog  (see above)
 |  |        |  
 |  |        +- IEE1_SetByte        
 |  |        |  | 
 |  |        |  +- IEE1_SwitchPage      (see above)
 |  |        |  |  
 |  |        |  +- Start_wait           (see above)
 |  |        |  |  
 |  |        |  +- WriteBlock           (see above)
 |  |        |     
 |  |        +- IEE1_GetByte        
 |  |        |  | 
 |  |        |  +- IEE1_SwitchPage      (see above)
 |  |        |     
 |  |        +- Start_wait           (see above)
 |  |        |  
 |  |        +- bios_can_disable    
 |  |           | 
 |  |           +- bios_can_enter_reset (see above)
 |  |           |  
 |  |           +- bios_can_enter_operation (see above)
 |  |              
 |  +- bios_can_disable     (see above)
 |  |  
 |  +- check_scan_delay    
 |  |  | 
 |  |  +- os_time_past         (see above)
 |  |  |  
 |  |  +- sendeCanMessage      (see above)
 |  |     
 |  +- can_db_output_to_bus_first
 |  |  | 
 |  |  +- can_db_output_to_bus
 |  |     | 
 |  |     +- _IMUL_STAR08         (see above)
 |  |     |  
 |  |     +- os_time_past         (see above)
 |  |     |  
 |  |     +- os_timestamp         (see above)
 |  |     |  
 |  |     +- _COPY                (see above)
 |  |     |  
 |  |     +- bios_can_send_msg    (see above)
 |  |        
 |  +- IEE1_SetData         (see above)
 |  |  
 |  +- os_update_digin     
 |  |  | 
 |  |  +- _IMUL_STAR08         (see above)
 |  |  |  
 |  |  +- os_pin_read         
 |  |  |  | 
 |  |  |  +- _PUSH_CC             (see above)
 |  |  |  |  
 |  |  |  +- _POP_CC              (see above)
 |  |  |  |  
 |  |  |  +- _IMUL_STAR08         (see above)
 |  |  |     
 |  |  +- _PUSH_CC             (see above)
 |  |  |  
 |  |  +- _POP_CC              (see above)
 |  |     
 |  +- os_pwm_read_update  
 |  |  | 
 |  |  +- bios_pwm_get_values 
 |  |     | 
 |  |     +- _LSUB                (see above)
 |  |     |  
 |  |     +- _LCMP                (see above)
 |  |     |  
 |  |     +- _IMUL_STAR08         (see above)
 |  |        
 |  +- modulhardwarecode    (see above)
 |  |  
 |  +- graphcode           
 |  |    
 |  +- usercode            
 |  |  | 
 |  |  +- os_time_past         (see above)
 |  |  |  
 |  |  +- os_digout            (see above)
 |  |  |  
 |  |  +- can_db_get_value    
 |  |  |  | 
 |  |  |  +- _IMUL_STAR08         (see above)
 |  |  |  |  
 |  |  |  +- _COPY                (see above)
 |  |  |  |  
 |  |  |  +- get_value_from_can_block
 |  |  |     | 
 |  |  |     +- _LLSL                (see above)
 |  |  |     |  
 |  |  |     +- _LADD                (see above)
 |  |  |     |  
 |  |  |     +- _POP32               (see above)
 |  |  |     |  
 |  |  |     +- _LLSR                (see above)
 |  |  |     |  
 |  |  |     +- _LOR_RC             
 |  |  |     |  | 
 |  |  |     |  +- _ENTER_BINARY_L_RC   (see above)
 |  |  |     |  |  
 |  |  |     |  +- _LOR_k_is_k_or_j     (see above)
 |  |  |     |     
 |  |  |     +- _LAND               
 |  |  |     |  | 
 |  |  |     |  +- _ENTER_BINARY_L      (see above)
 |  |  |     |  |  
 |  |  |     |  +- _LAND_k_is_k_and_j  
 |  |  |     |       
 |  |  |     +- _SEXT16_32          
 |  |  |     |    
 |  |  |     +- _COPY                (see above)
 |  |  |        
 |  |  +- os_digin            
 |  |  |  | 
 |  |  |  +- _PUSH_CC             (see above)
 |  |  |  |  
 |  |  |  +- _POP_CC              (see above)
 |  |  |     
 |  |  +- os_can_check_error  
 |  |  |  | 
 |  |  |  +- bios_can_check_error
 |  |  |     | 
 |  |  |     +- _Jump_Table_Header_Offset (see above)
 |  |  |        
 |  |  +- update_doc          
 |  |     | 
 |  |     +- _Jump_Table_Header_Offset (see above)
 |  |     |  
 |  |     +- os_time_past         (see above)
 |  |     |  
 |  |     +- os_digout            (see above)
 |  |     |  
 |  |     +- os_timestamp         (see above)
 |  |        
 |  +- os_update_digout     (see above)
 |  |  
 |  +- os_get_time_past    
 |  |  | 
 |  |  +- os_set_timestamp     (see above)
 |  |  |  
 |  |  +- _LSUB                (see above)
 |  |  |  
 |  |  +- _POP32               (see above)
 |  |     
 |  +- update_EEprom_SW_Version
 |  |  | 
 |  |  +- IEE1_GetData         (see above)
 |  |  |  
 |  |  +- strcmp              
 |  |  |    
 |  |  +- IEE1_SetData         (see above)
 |  |     
 |  +- can_input_block_to_db_first
 |     | 
 |     +- can_input_block_to_db
 |     |  | 
 |     |  +- _LCMP                (see above)
 |     |  |  
 |     |  +- _LNOT               
 |     |  |  | 
 |     |  |  +- _ENTER_UNARY_L       (see above)
 |     |  |     
 |     |  +- _LAND                (see above)
 |     |  |  
 |     |  +- os_timestamp         (see above)
 |     |  |  
 |     |  +- _COPY                (see above)
 |     |     
 |     +- user_can_message_receive
 |        | 
 |        +- os_timestamp         (see above)
 |           
 +- _EntryPoint         
    | 
    +- _Startup            
       | 
       +- check_ram_test      
       |    
       +- Init                
       |  | 
       |  +- loadByte            
       |       
       +- main                 (see above)
          
 JMP_VECTOR          
 | 
 +- Cpu_Interrupt       
 |    
 +- CAN1_InterruptTx    
 |  | 
 |  +- bios_can_handle_tx_buffer
 |     | 
 |     +- bios_can_write_msg_data (see above)
 |        
 +- CAN1_InterruptRx    
 |  | 
 |  +- os_can_rx           
 |     | 
 |     +- bios_can_filter_A_hit
 |     |    
 |     +- bios_can_get_msg    
 |     |  | 
 |     |  +- bios_can_msg_received
 |     |  |    
 |     |  +- bios_can_get_msg_id 
 |     |  |  | 
 |     |  |  +- bios_can_msg_received (see above)
 |     |  |  |  
 |     |  |  +- _LLSL                (see above)
 |     |  |  |  
 |     |  |  +- _LOR                 (see above)
 |     |  |  |  
 |     |  |  +- _POP32               (see above)
 |     |  |  |  
 |     |  |  +- _COPY                (see above)
 |     |  |     
 |     |  +- _COPY                (see above)
 |     |     
 |     +- _LCMP                (see above)
 |     |  
 |     +- save_ReceiveCan0MsgBuffer
 |     |  | 
 |     |  +- CAN_ReceiveMessage  
 |     |     | 
 |     |     +- _COPY                (see above)
 |     |        
 |     +- bios_can_msg_received (see above)
 |        
 +- CAN1_InterruptError 
 |    
 +- can_wake_up_int     
 |    
 +- RTC_Interrupt       
 |    
 +- I2C_Interrupt       
 |  | 
 |  +- bios_i2c1_MC9S08DZ60_rom_save
 |       
 +- ADC_Interrupt       
 |  | 
 |  +- os_analog_int       
 |  |  | 
 |  |  +- bios_analog_get_channel_single
 |  |  |    
 |  |  +- _LADD                (see above)
 |  |  |  
 |  |  +- _POP32               (see above)
 |  |  |  
 |  |  +- os_analog_io_tick   
 |  |  |  | 
 |  |  |  +- _LDIVU               (see above)
 |  |  |  |  
 |  |  |  +- _LMUL                (see above)
 |  |  |  |  
 |  |  |  +- _LLSR                (see above)
 |  |  |  |  
 |  |  |  +- os_pwm_analog_io_average_first
 |  |  |       
 |  |  +- modulhardwarecode_adc_multiplex (see above)
 |  |  |  
 |  |  +- bios_analog_select_channel
 |  |       
 |  +- user_int_adc        
 |     | 
 |     +- bios_analog_get_channel_single (see above)
 |        
 +- Port_Interrupt_RX   
 |  | 
 |  +- os_port_int_increment_first
 |       
 +- SCI2_Interrupt_Tx   
 |  | 
 |  +- bios_sci_module_get_tx_interrupt_src
 |  |  | 
 |  |  +- bios_sci_module_read_byte
 |  |       
 |  +- bios_sci_module_tx_interrupt
 |  |    
 |  +- bios_sci_module_tx_interrupt_ack
 |       
 +- SCI2_Interrupt_Rx   
 |  | 
 |  +- bios_sci_module_get_rx_interrupt_src
 |  |  | 
 |  |  +- bios_sci_module_read_byte (see above)
 |  |     
 |  +- bios_sci_module_rx_interrupt
 |  |  | 
 |  |  +- bios_sci_module_read_byte (see above)
 |  |  |  
 |  |  +- _CALL_STAR08         (see above)
 |  |     
 |  +- bios_sci_module_rx_interrupt_ack
 |       
 +- SCI2_Interrupt_Error
 |  | 
 |  +- bios_sci_module_get_rx_interrupt_src (see above)
 |  |  
 |  +- bios_sci_module_rx_interrupt_ack (see above)
 |     
 +- SCI1_Interrupt_Tx   
 |  | 
 |  +- bios_sci_module_get_tx_interrupt_src (see above)
 |  |  
 |  +- bios_sci_module_tx_interrupt (see above)
 |  |  
 |  +- bios_sci_module_tx_interrupt_ack (see above)
 |     
 +- SCI1_Interrupt_Rx   
 |  | 
 |  +- bios_sci_module_get_rx_interrupt_src (see above)
 |  |  
 |  +- bios_sci_module_rx_interrupt (see above)
 |  |  
 |  +- bios_sci_module_rx_interrupt_ack (see above)
 |     
 +- SCI1_Interrupt_Error
 |  | 
 |  +- bios_sci_module_get_rx_interrupt_src (see above)
 |  |  
 |  +- bios_sci_module_rx_interrupt_ack (see above)
 |     
 +- SS1_Interrupt       
 |    
 +- tpm2                
 |  | 
 |  +- bios_timer2_interrupt_ack
 |  |    
 |  +- os_timer_tick       
 |  |  | 
 |  |  +- _LADD                (see above)
 |  |  |  
 |  |  +- _POP32               (see above)
 |  |  |  
 |  |  +- Modbus_silent_interval_finden
 |  |  |    
 |  |  +- _LINC                (see above)
 |  |     
 |  +- os_analog_int_start 
 |  |  | 
 |  |  +- modulhardwarecode_adc_multiplex (see above)
 |  |  |  
 |  |  +- bios_analog_select_channel (see above)
 |  |     
 |  +- user_int_timer_1ms  
 |  |    
 |  +- modulhardwarecode_timer
 |       
 +- tpm1                
 |  | 
 |  +- bios_timer1_interrupt_ack
 |  |    
 |  +- bios_timer1_write_registers
 |  |    
 |  +- os_timer1_dither_calculation_first
 |       
 +- tpm1_ch5_interrupt  
 |  | 
 |  +- bios_timer1_chn_interrupt_ack
 |     | 
 |     +- bios_timer1_pwm_read_calc_first
 |          
 +- tpm1_ch4_interrupt  
 |  | 
 |  +- bios_timer1_chn_interrupt_ack (see above)
 |     
 +- tpm1_ch3_interrupt  
 |  | 
 |  +- bios_timer1_chn_interrupt_ack (see above)
 |     
 +- tpm1_ch2_interrupt  
 |  | 
 |  +- bios_timer1_chn_interrupt_ack (see above)
 |     
 +- tpm1_ch1_interrupt  
 |  | 
 |  +- bios_timer1_chn_interrupt_ack (see above)
 |     
 +- tpm1_ch0_interrupt  
 |  | 
 |  +- bios_timer1_chn_interrupt_ack (see above)
 |     
 +- _EntryPoint          (see above)
    
*********************************************************************************************
STATISTIC SECTION
---------------------------------------------------------------------------------------------

ExeFile:
--------
Number of blocks to be downloaded: 6
Total size of all blocks to be downloaded: 24803

